// Jest Snapshot v1, https://goo.gl/fbAQLP

exports[`<SearchBox /> renders correctly 1`] = `
<div
  className="d-flex justify-content-center"
>
  <div
    className="loadingio-spinner-spinner-t1brovegdl"
  >
    <div
      className="ldio-y4i1u5rbs4"
    >
      <div />
      <div />
      <div />
      <div />
      <div />
      <div />
      <div />
      <div />
      <div />
      <div />
      <div />
      <div />
    </div>
  </div>
</div>
`;
